
Allocating common symbols
Common symbol       size              file

ones                0x1               build/main.o
pass                0xa               build/main.o
logname             0xa               build/main.o
rbuf                0x4               build/main.o
alarm               0x1               build/main.o
buffer              0x4               build/main.o
float_exception_flags
                    0x1               build/softfloat.o
tens                0x1               build/main.o
float_rounding_mode
                    0x1               build/softfloat.o
tbuf                0x4               build/main.o

Memory Configuration

Name             Origin             Length             Attributes
*default*        0x00000000         0xffffffff

Linker script and memory map

LOAD build/boot.o
LOAD build/softfloat.o
LOAD build/spi.o
LOAD build/uart.o
LOAD build/bcm2835.o
LOAD build/main.o
LOAD build/can.o
LOAD build/i2c.o
                0x00000000                . = 0x0

.text           0x00000000     0xb344
 *(.text)
 .text          0x00000000     0x8104 build/boot.o
                0x00000000                vectors
                0x00008000                reset
                0x000080b0                reboot
                0x000080b4                enable_arm_irq
                0x000080c4                disable_arm_irq
                0x000080d4                enable_arm_fiq
                0x000080e4                disable_arm_fiq
                0x000080f4                vfp11_add
 .text          0x00008104     0x1348 build/softfloat.o
                0x00008104                float32_is_signaling_nan
                0x00008164                float32_is_nan
                0x00008198                extractFloat32Frac
                0x000081c4                extractFloat32Exp
                0x000081f0                extractFloat32Sign
                0x00008360                shift32RightJamming
                0x00008400                packFloat32
                0x0000895c                float_raise
                0x00008d94                float32_add
                0x00008e08                float32_sub
                0x00008e7c                expo
                0x00008ed8                digits
                0x00008f48                getfraction
                0x00009024                ASCII_to_float32
                0x00009424                float32_to_ASCII
 .text          0x0000944c      0x164 build/spi.o
                0x0000944c                bcm2835_spi_begin
                0x000094c4                bcm2835_spi_end
                0x0000950c                bcm2835_spi_setBitOrder
                0x0000952c                bcm2835_spi_setClockDivider
                0x0000956c                bcm2835_spi_setDataMode
 .text          0x000095b0      0x230 build/uart.o
                0x00009644                uart_init
                0x00009700                uart_putc
                0x00009754                uart_readc
                0x0000979c                uart_puts
 .text          0x000097e0      0x600 build/bcm2835.o
                0x000097e0                bcm2835_st_read
                0x00009874                bcm2835_spi_transfernb
                0x000099c4                bcm2835_gpio_set
                0x00009a2c                bcm2835_gpio_fsel
                0x00009ae8                bcm2835_peri_read
                0x00009b24                bcm2835_st_delay
                0x00009b6c                bcm2835_delayMicroseconds
                0x00009b98                bcm2835_peri_read_nb
                0x00009bc0                bcm2835_peri_write
                0x00009bf8                bcm2835_peri_write_nb
                0x00009c24                bcm2835_peri_set_bits
                0x00009c80                bcm2835_gpio_clr
                0x00009ce8                bcm2835_gpio_write
                0x00009d34                bcm2835_spi_chipSelect
                0x00009d74                bcm2835_spi_setChipSelectPolarity
 .text          0x00009de0     0x1058 build/main.o
                0x00009e14                testdelay
                0x00009e54                enable_irq_57
                0x00009e70                disable_irq_57
                0x00009e8c                ValidateGPUData
                0x00009ecc                GPUInit
                0x00009ee8                banner
                0x00009f0c                BCDtoUint8
                0x00009f64                DATE
                0x0000a13c                TIME
                0x0000a5c0                ALARM
                0x0000a850                CANCOM
                0x0000a98c                ADC
                0x0000a9a0                RES
                0x0000a9b0                HELP
                0x0000a9c8                SFT
                0x0000aa40                VFP11
                0x0000aa54                command
                0x0000ab60                logon
                0x0000adb0                lockout
                0x0000adc8                kernel_main
                0x0000adfc                irq_handler
 .text          0x0000ae38      0x1e0 build/can.o
                0x0000ae38                spitocan
                0x0000af04                cantospi
                0x0000afcc                initCAN
                0x0000afe0                CANtransmit
                0x0000b000                CANreceive
 .text          0x0000b018      0x32c build/i2c.o
                0x0000b018                bcm2835_i2c_begin
                0x0000b03c                bcm2835_i2c_end
                0x0000b060                bcm2835_i2c_setSlaveAddress
                0x0000b0a0                bcm2835_i2c_setClockDivider
                0x0000b0e0                bcm2835_i2c_write
                0x0000b1b0                bcm2835_i2c_read

.glue_7         0x0000b344        0x0
 .glue_7        0x0000b344        0x0 linker stubs

.glue_7t        0x0000b344        0x0
 .glue_7t       0x0000b344        0x0 linker stubs

.vfp11_veneer   0x0000b344        0x0
 .vfp11_veneer  0x0000b344        0x0 linker stubs

.v4_bx          0x0000b344        0x0
 .v4_bx         0x0000b344        0x0 linker stubs

.iplt           0x0000b344        0x0
 .iplt          0x0000b344        0x0 build/boot.o

.rodata         0x0000b344      0x848
 *(.rodata)
 .rodata        0x0000b344      0x42c build/softfloat.o
 .rodata        0x0000b770      0x41c build/main.o
                0x0000b770                MS1
                0x0000b788                MS2
                0x0000b7c0                MS3
                0x0000b7cc                MS4
                0x0000b7ec                GPUDATAERROR
                0x0000b810                LOGONNAME
                0x0000b818                PASSWORD

.rel.dyn        0x0000bb8c        0x0
 .rel.iplt      0x0000bb8c        0x0 build/boot.o

.data           0x0000bb8c      0x33c
 *(.data)
 .data          0x0000bb8c        0x0 build/boot.o
 .data          0x0000bb8c        0x0 build/softfloat.o
 .data          0x0000bb8c        0x0 build/spi.o
 .data          0x0000bb8c        0x0 build/uart.o
 .data          0x0000bb8c        0x0 build/bcm2835.o
 .data          0x0000bb8c      0x338 build/main.o
                0x0000bb8c                N
                0x0000beac                bcm2835_gpio
                0x0000beb0                bcm2835_clk
                0x0000beb4                bcm2835_pads
                0x0000beb8                bcm2835_spi0
                0x0000bebc                bcm2835_bsc0
                0x0000bec0                bcm2835_st
 .data          0x0000bec4        0x0 build/can.o
 .data          0x0000bec4        0x4 build/i2c.o

.igot.plt       0x0000bec8        0x0
 .igot.plt      0x0000bec8        0x0 build/boot.o

.bss            0x0000bec8       0x38
 *(.bss)
 .bss           0x0000bec8        0x0 build/boot.o
 .bss           0x0000bec8        0x4 build/softfloat.o
                0x0000bec8                float_detect_tininess
 .bss           0x0000becc        0x0 build/spi.o
 .bss           0x0000becc        0x0 build/uart.o
 .bss           0x0000becc        0x0 build/bcm2835.o
 .bss           0x0000becc        0x0 build/main.o
 .bss           0x0000becc        0x0 build/can.o
 .bss           0x0000becc        0x0 build/i2c.o
 COMMON         0x0000becc        0x2 build/softfloat.o
                0x0000becc                float_exception_flags
                0x0000becd                float_rounding_mode
 *fill*         0x0000bece        0x2 
 COMMON         0x0000bed0       0x30 build/main.o
                0x0000bed0                ones
                0x0000bed4                pass
                0x0000bee0                logname
                0x0000beec                rbuf
                0x0000bef0                alarm
                0x0000bef4                buffer
                0x0000bef8                tens
                0x0000befc                tbuf
OUTPUT(build/output.elf elf32-littlearm)

.ARM.attributes
                0x00000000       0x29
 .ARM.attributes
                0x00000000       0x16 build/boot.o
 .ARM.attributes
                0x00000016       0x2b build/softfloat.o
 .ARM.attributes
                0x00000041       0x2b build/spi.o
 .ARM.attributes
                0x0000006c       0x2d build/uart.o
 .ARM.attributes
                0x00000099       0x2b build/bcm2835.o
 .ARM.attributes
                0x000000c4       0x2d build/main.o
 .ARM.attributes
                0x000000f1       0x2b build/can.o
 .ARM.attributes
                0x0000011c       0x2b build/i2c.o

.comment        0x00000000       0x41
 .comment       0x00000000       0x22 build/softfloat.o
                                 0x23 (size before relaxing)
 .comment       0x00000022       0x23 build/spi.o
 .comment       0x00000022       0x1f build/uart.o
                                 0x20 (size before relaxing)
 .comment       0x00000041       0x23 build/bcm2835.o
 .comment       0x00000041       0x20 build/main.o
 .comment       0x00000041       0x23 build/can.o
 .comment       0x00000041       0x23 build/i2c.o

.note.GNU-stack
                0x00000000        0x0
 .note.GNU-stack
                0x00000000        0x0 build/softfloat.o
 .note.GNU-stack
                0x00000000        0x0 build/spi.o
 .note.GNU-stack
                0x00000000        0x0 build/uart.o
 .note.GNU-stack
                0x00000000        0x0 build/bcm2835.o
 .note.GNU-stack
                0x00000000        0x0 build/main.o
 .note.GNU-stack
                0x00000000        0x0 build/can.o
 .note.GNU-stack
                0x00000000        0x0 build/i2c.o
